# wall_ms clock_ms total_ms local_h_ms committed_ms peer0_ms peer1_ms step_ms stall pcount tx_pkts rx_pkts since_rx_ms sess game flags grace_ms syncwait countdn p54bc sync_ms sim_burst icon_calls icon_shown srtt0_ms srtt1_ms rttvar0_ms rttvar1_ms ipdv0_ms ipdv1_ms loss0_pm loss1_pm late_p50_ms late_tail95_ms late_tail99_ms late_n late_peer
100 100 100 200 100 100 100 100 0 2 2 2 40 3 3 0x00 0 0 0 2 0 1 0 0 80 n/a 9 n/a 6 n/a 0 n/a 59 21 10 128 1
200 200 200 300 200 200 200 100 0 2 4 4 40 3 3 0x00 0 0 0 2 0 1 0 0 80 n/a 9 n/a 6 n/a 0 n/a 58 20 9 128 1
300 300 300 400 300 300 300 100 0 2 6 6 40 3 3 0x00 0 0 0 2 0 1 0 0 80 n/a 9 n/a 6 n/a 0 n/a 57 19 11 128 1
400 400 400 500 400 400 400 100 0 2 8 8 40 3 3 0x00 0 0 0 2 0 1 0 0 80 n/a 9 n/a 6 n/a 0 n/a 56 18 10 128 1
500 500 500 600 500 500 500 100 0 2 10 10 40 3 3 0x00 0 0 0 2 0 1 0 0 80 n/a 9 n/a 6 n/a 0 n/a 55 22 9 128 1
600 600 600 700 600 600 600 100 0 2 12 12 40 3 3 0x00 0 0 0 2 0 1 0 0 80 n/a 9 n/a 6 n/a 0 n/a 54 21 11 128 1
700 700 700 800 700 700 700 100 0 2 14 14 40 3 3 0x00 0 0 0 2 0 1 0 0 80 n/a 9 n/a 6 n/a 0 n/a 60 20 10 128 1
800 800 800 900 800 800 800 100 0 2 16 16 40 3 3 0x00 0 0 0 2 0 1 0 0 80 n/a 9 n/a 6 n/a 0 n/a 59 19 9 128 1
900 900 900 1000 900 900 900 100 0 2 18 18 40 3 3 0x00 0 0 0 2 0 1 0 0 80 n/a 9 n/a 6 n/a 0 n/a 58 18 11 128 1
1000 1000 1000 1100 1000 1000 1000 100 0 2 20 20 40 3 3 0x00 0 0 0 2 0 1 0 0 80 n/a 9 n/a 6 n/a 0 n/a 57 22 10 128 1
1100 1100 1100 1200 1100 1100 1100 100 0 2 22 22 40 3 3 0x00 0 0 0 2 0 1 0 0 80 n/a 9 n/a 6 n/a 0 n/a 56 21 9 128 1
1200 1200 1200 1300 1200 1200 1200 100 0 2 24 24 40 3 3 0x00 0 0 0 2 0 1 0 0 80 n/a 9 n/a 6 n/a 0 n/a 55 20 11 128 1
1300 1300 1300 1400 1300 1300 1300 100 0 2 26 26 40 3 3 0x00 0 0 0 2 0 1 0 0 80 n/a 9 n/a 6 n/a 0 n/a 54 19 10 128 1
1400 1400 1400 1500 1400 1400 1400 100 0 2 28 28 40 3 3 0x00 0 0 0 2 0 1 0 0 80 n/a 9 n/a 6 n/a 0 n/a 60 18 9 128 1
1500 1500 1500 1600 1500 1500 1500 100 0 2 30 30 40 3 3 0x00 0 0 0 2 0 1 0 0 80 n/a 9 n/a 6 n/a 0 n/a 59 22 11 128 1
1600 1600 1600 1700 1600 1600 1600 100 0 2 32 32 40 3 3 0x00 0 0 0 2 0 1 0 0 80 n/a 9 n/a 6 n/a 0 n/a 58 21 10 128 1
1700 1700 1700 1800 1700 1700 1700 100 0 2 34 34 40 3 3 0x00 0 0 0 2 0 1 0 0 80 n/a 9 n/a 6 n/a 0 n/a 57 20 9 128 1
1800 1800 1800 1900 1800 1800 1800 100 0 2 36 36 40 3 3 0x00 0 0 0 2 0 1 0 0 80 n/a 9 n/a 6 n/a 0 n/a 56 19 11 128 1
1900 1900 1900 2000 1900 1900 1900 100 0 2 38 38 40 3 3 0x00 0 0 0 2 0 1 0 0 80 n/a 9 n/a 6 n/a 0 n/a 55 18 10 128 1
2000 2000 2000 2100 2000 2000 2000 100 0 2 40 40 40 3 3 0x00 0 0 0 2 0 1 0 0 80 n/a 9 n/a 6 n/a 0 n/a 54 22 9 128 1
2100 2100 2100 2200 2100 2100 2100 100 0 2 42 42 40 3 3 0x00 0 0 0 2 0 1 0 0 80 n/a 9 n/a 6 n/a 0 n/a 60 21 11 128 1
2200 2200 2200 2300 2200 2200 2200 100 0 2 44 44 40 3 3 0x00 0 0 0 2 0 1 0 0 80 n/a 9 n/a 6 n/a 0 n/a 59 20 10 128 1
2300 2300 2300 2400 2300 2300 2300 100 0 2 46 46 40 3 3 0x00 0 0 0 2 0 1 0 0 80 n/a 9 n/a 6 n/a 0 n/a 58 19 9 128 1
2400 2400 2400 2500 2400 2400 2400 100 0 2 48 48 40 3 3 0x00 0 0 0 2 0 1 0 0 80 n/a 9 n/a 6 n/a 0 n/a 57 18 11 128 1
2500 2500 2500 2600 2500 2500 2500 100 0 2 50 50 40 3 3 0x00 0 0 0 2 0 1 0 0 80 n/a 9 n/a 6 n/a 0 n/a 56 22 10 128 1
2600 2600 2600 2700 2600 2600 2600 100 0 2 52 52 40 3 3 0x00 0 0 0 2 0 1 0 0 80 n/a 9 n/a 6 n/a 0 n/a 55 21 9 128 1
2700 2700 2700 2800 2700 2700 2700 100 0 2 54 54 40 3 3 0x00 0 0 0 2 0 1 0 0 80 n/a 9 n/a 6 n/a 0 n/a 54 20 11 128 1
2800 2800 2800 2900 2800 2800 2800 100 0 2 56 56 40 3 3 0x00 0 0 0 2 0 1 0 0 80 n/a 9 n/a 6 n/a 0 n/a 60 19 10 128 1
2900 2900 2900 3000 2900 2900 2900 100 0 2 58 58 40 3 3 0x00 0 0 0 2 0 1 0 0 80 n/a 9 n/a 6 n/a 0 n/a 59 18 9 128 1
3000 3000 3000 3100 3000 3000 3000 100 0 2 60 60 40 3 3 0x00 0 0 0 2 0 1 0 0 80 n/a 9 n/a 6 n/a 0 n/a 58 22 11 128 1
3100 3100 3100 3200 3100 3100 3100 100 0 2 62 62 40 3 3 0x00 0 0 0 2 0 1 0 0 80 n/a 9 n/a 6 n/a 0 n/a 57 21 10 128 1
3200 3200 3200 3300 3200 3200 3200 100 0 2 64 64 40 3 3 0x00 0 0 0 2 0 1 0 0 80 n/a 9 n/a 6 n/a 0 n/a 56 20 9 128 1
3300 3300 3300 3400 3300 3300 3300 100 0 2 66 66 40 3 3 0x00 0 0 0 2 0 1 0 0 80 n/a 9 n/a 6 n/a 0 n/a 55 19 11 128 1
3400 3400 3400 3500 3400 3400 3400 100 0 2 68 68 40 3 3 0x00 0 0 0 2 0 1 0 0 80 n/a 9 n/a 6 n/a 0 n/a 54 18 10 128 1
3500 3500 3500 3600 3500 3500 3500 100 0 2 70 70 40 3 3 0x00 0 0 0 2 0 1 0 0 80 n/a 9 n/a 6 n/a 0 n/a 60 22 9 128 1
3600 3600 3600 3700 3600 3600 3600 100 0 2 72 72 40 3 3 0x00 0 0 0 2 0 1 0 0 80 n/a 9 n/a 6 n/a 0 n/a 59 21 11 128 1
3700 3700 3700 3800 3700 3700 3700 100 0 2 74 74 40 3 3 0x00 0 0 0 2 0 1 0 0 80 n/a 9 n/a 6 n/a 0 n/a 58 20 10 128 1
3800 3800 3800 3900 3800 3800 3800 100 0 2 76 76 40 3 3 0x00 0 0 0 2 0 1 0 0 80 n/a 9 n/a 6 n/a 0 n/a 57 19 9 128 1
3900 3900 3900 4000 3900 3900 3900 100 0 2 78 78 40 3 3 0x00 0 0 0 2 0 1 0 0 80 n/a 9 n/a 6 n/a 0 n/a 56 18 11 128 1
4000 4000 4000 4100 4000 4000 4000 100 0 2 80 80 40 3 3 0x00 0 0 0 2 0 1 0 0 80 n/a 9 n/a 6 n/a 0 n/a 55 22 10 128 1
4100 4100 4100 4200 4100 4100 4100 100 0 2 82 82 40 3 3 0x00 0 0 0 2 0 1 0 0 80 n/a 9 n/a 6 n/a 0 n/a 54 21 9 128 1
4200 4200 4200 4300 4200 4200 4200 100 0 2 84 84 40 3 3 0x00 0 0 0 2 0 1 0 0 80 n/a 9 n/a 6 n/a 0 n/a 60 20 11 128 1
4300 4300 4300 4400 4300 4300 4300 100 0 2 86 86 40 3 3 0x00 0 0 0 2 0 1 0 0 80 n/a 9 n/a 6 n/a 0 n/a 59 19 10 128 1
4400 4400 4400 4500 4400 4400 4400 100 0 2 88 88 40 3 3 0x00 0 0 0 2 0 1 0 0 80 n/a 9 n/a 6 n/a 0 n/a 58 18 9 128 1
4500 4500 4500 4600 4500 4500 4500 100 0 2 90 90 40 3 3 0x00 0 0 0 2 0 1 0 0 80 n/a 9 n/a 6 n/a 0 n/a 57 22 11 128 1
4600 4600 4600 4700 4600 4600 4600 100 0 2 92 92 40 3 3 0x00 0 0 0 2 0 1 0 0 80 n/a 9 n/a 6 n/a 0 n/a 56 21 10 128 1
4700 4700 4700 4800 4700 4700 4700 100 0 2 94 94 40 3 3 0x00 0 0 0 2 0 1 0 0 80 n/a 9 n/a 6 n/a 0 n/a 55 20 9 128 1
4800 4800 4800 4900 4800 4800 4800 100 0 2 96 96 40 3 3 0x00 0 0 0 2 0 1 0 0 80 n/a 9 n/a 6 n/a 0 n/a 54 19 11 128 1
4900 4900 4900 5000 4900 4900 4900 100 0 2 98 98 40 3 3 0x00 0 0 0 2 0 1 0 0 80 n/a 9 n/a 6 n/a 0 n/a 60 18 10 128 1
5000 5000 5000 5100 5000 5000 5000 100 0 2 100 100 40 3 3 0x00 0 0 0 2 0 1 0 0 80 n/a 9 n/a 6 n/a 0 n/a 59 22 9 128 1
5100 5100 5100 5200 5100 5100 5100 100 0 2 102 102 40 3 3 0x00 0 0 0 2 0 1 0 0 80 n/a 9 n/a 6 n/a 0 n/a 58 21 11 128 1
5200 5200 5200 5300 5200 5200 5200 100 0 2 104 104 40 3 3 0x00 0 0 0 2 0 1 0 0 80 n/a 9 n/a 6 n/a 0 n/a 57 20 10 128 1
5300 5300 5300 5400 5300 5300 5300 100 0 2 106 106 40 3 3 0x00 0 0 0 2 0 1 0 0 80 n/a 9 n/a 6 n/a 0 n/a 56 19 9 128 1
5400 5400 5400 5500 5400 5400 5400 100 0 2 108 108 40 3 3 0x00 0 0 0 2 0 1 0 0 80 n/a 9 n/a 6 n/a 0 n/a 55 18 11 128 1
5500 5500 5500 5600 5500 5500 5500 100 0 2 110 110 40 3 3 0x00 0 0 0 2 0 1 0 0 80 n/a 9 n/a 6 n/a 0 n/a 54 22 10 128 1
5600 5600 5600 5700 5600 5600 5600 100 0 2 112 112 40 3 3 0x00 0 0 0 2 0 1 0 0 80 n/a 9 n/a 6 n/a 0 n/a 60 21 9 128 1
5700 5700 5700 5800 5700 5700 5700 100 0 2 114 114 40 3 3 0x00 0 0 0 2 0 1 0 0 80 n/a 9 n/a 6 n/a 0 n/a 59 20 11 128 1
5800 5800 5800 5900 5800 5800 5800 100 0 2 116 116 40 3 3 0x00 0 0 0 2 0 1 0 0 80 n/a 9 n/a 6 n/a 0 n/a 58 19 10 128 1
5900 5900 5900 6000 5900 5900 5900 100 0 2 118 118 40 3 3 0x00 0 0 0 2 0 1 0 0 80 n/a 9 n/a 6 n/a 0 n/a 57 18 9 128 1
6000 6000 6000 6100 6000 6000 6000 100 0 2 120 120 40 3 3 0x00 0 0 0 2 0 1 0 0 80 n/a 9 n/a 6 n/a 0 n/a 56 22 11 128 1
